******************************************************************************
             TMS320C2000 Linker PC v22.6.1                     
******************************************************************************
>> Linked Sun Feb 11 13:15:32 2024

OUTPUT FILE NAME:   <can_ex4_simple_transmit.out>
ENTRY POINT SYMBOL: "code_start"  address: 00000000


MEMORY CONFIGURATION

         name            origin    length      used     unused   attr    fill
----------------------  --------  ---------  --------  --------  ----  --------
PAGE 0:
  BEGIN                 00000000   00000002  00000002  00000000  RWIX
  RAMM0                 00000123   000002dd  00000020  000002bd  RWIX
  RAMLS0                00008000   00000800  000005d4  0000022c  RWIX
  RAMLS1                00008800   00000800  00000000  00000800  RWIX
  RAMLS2                00009000   00000800  00000000  00000800  RWIX
  RAMLS3                00009800   00000800  00000000  00000800  RWIX
  RAMLS4                0000a000   00000800  00000000  00000800  RWIX
  RAMD0                 0000b000   00000800  00000800  00000000  RWIX
  FLASHA                00080002   00001ffe  00000000  00001ffe  RWIX
  FLASHB                00082000   00002000  00000000  00002000  RWIX
  FLASHC                00084000   00002000  00000000  00002000  RWIX
  FLASHD                00086000   00002000  00000000  00002000  RWIX
  FLASHE                00088000   00008000  00000000  00008000  RWIX
  FLASHF                00090000   00008000  00000000  00008000  RWIX
  FLASHG                00098000   00008000  00000000  00008000  RWIX
  FLASHH                000a0000   00008000  00000000  00008000  RWIX
  FLASHI                000a8000   00008000  00000000  00008000  RWIX
  FLASHJ                000b0000   00008000  00000000  00008000  RWIX
  FLASHK                000b8000   00002000  00000000  00002000  RWIX
  FLASHL                000ba000   00002000  00000000  00002000  RWIX
  FLASHM                000bc000   00002000  00000000  00002000  RWIX
  FLASHN                000be000   00001ff0  00000000  00001ff0  RWIX
  RESET                 003fffc0   00000002  00000000  00000002  RWIX

PAGE 1:
  BOOT_RSVD             00000002   00000121  00000000  00000121  RWIX
  RAMM1                 00000400   000003f8  00000100  000002f8  RWIX
  RAMLS5                0000a800   00000800  0000029c  00000564  RWIX
  RAMD1                 0000b800   00000800  00000000  00000800  RWIX
  RAMGS0                0000c000   00001000  00000000  00001000  RWIX
  RAMGS1                0000d000   00001000  00000000  00001000  RWIX
  RAMGS2                0000e000   00001000  00000000  00001000  RWIX
  RAMGS3                0000f000   00001000  00000000  00001000  RWIX
  RAMGS4                00010000   00001000  00000000  00001000  RWIX
  RAMGS5                00011000   00001000  00000000  00001000  RWIX
  RAMGS6                00012000   00001000  00000000  00001000  RWIX
  RAMGS7                00013000   00001000  00000000  00001000  RWIX
  RAMGS8                00014000   00001000  00000000  00001000  RWIX
  RAMGS9                00015000   00001000  00000000  00001000  RWIX
  RAMGS10               00016000   00001000  00000000  00001000  RWIX
  RAMGS11               00017000   00001000  00000000  00001000  RWIX
  RAMGS12               00018000   00001000  00000000  00001000  RWIX
  RAMGS13               00019000   00001000  00000000  00001000  RWIX
  RAMGS14               0001a000   00001000  00000000  00001000  RWIX
  RAMGS15               0001b000   00000ff8  00000000  00000ff8  RWIX
  CPU2TOCPU1RAM         0003f800   00000400  00000000  00000400  RWIX
  CPU1TOCPU2RAM         0003fc00   00000400  00000000  00000400  RWIX
  CANA_MSG_RAM          00049000   00000800  00000000  00000800  RWIX
  CANB_MSG_RAM          0004b000   00000800  00000000  00000800  RWIX


SECTION ALLOCATION MAP

 output                                  attributes/
section   page    origin      length       input sections
--------  ----  ----------  ----------   ----------------
codestart 
*          0    00000000    00000002     
                  00000000    00000002     F2837xD_CodeStartBranch.obj (codestart)

.cinit     0    00000128    0000001c     
                  00000128    00000009     (.cinit..data.load) [load image, compression = lzss]
                  00000131    00000001     --HOLE-- [fill = 0]
                  00000132    00000006     (__TI_handler_table)
                  00000138    00000004     (.cinit..bss.load) [load image, compression = zero_init]
                  0000013c    00000008     (__TI_cinit_table)

.reset     0    003fffc0    00000000     DSECT

.stack     1    00000400    00000100     UNINITIALIZED
                  00000400    00000100     --HOLE--

.bss       1    0000aa8b    00000001     UNINITIALIZED
                  0000aa8b    00000001     can_ex4_simple_transmit.obj (.bss:txMsgData)

.init_array 
*          0    00000123    00000000     UNINITIALIZED

.const     1    0000a800    0000028b     
                  0000a800    000000c2     driverlib_eabi.lib : sysctl.obj (.const:.string)
                  0000a8c2    000000bc                        : gpio.obj (.const:.string)
                  0000a97e    000000bb                        : can.obj (.const:.string)
                  0000aa39    00000001     --HOLE-- [fill = 0]
                  0000aa3a    0000003d     can_ex4_simple_transmit.obj (.const:.string)
                  0000aa77    00000001     --HOLE-- [fill = 0]
                  0000aa78    00000013     device.obj (.const:.string)

.data      1    0000aa8c    00000010     UNINITIALIZED
                  0000aa8c    00000006     device.obj (.data)
                  0000aa92    00000006     rts2800_fpu32_eabi.lib : exit.c.obj (.data)
                  0000aa98    00000002                            : _lock.c.obj (.data:_lock)
                  0000aa9a    00000002                            : _lock.c.obj (.data:_unlock)

.TI.ramfunc 
*          0    00000123    00000004     
                  00000123    00000004     driverlib_eabi.lib : sysctl.obj (.TI.ramfunc)

GETBUFFER 
*          0    0003f800    00000000     DSECT

GETWRITEIDX 
*          0    0003f800    00000000     DSECT

PUTREADIDX 
*          0    0003f800    00000000     DSECT

.text.1    0    00008000    000005d4     
                  00008000    00000073     can_ex4_simple_transmit.obj (.text)
                  00008073    00000072     driverlib_eabi.lib : can.obj (.text:CAN_sendMessage)
                  000080e5    00000068                        : sysctl.obj (.text:SysCtl_getDeviceParametric)
                  0000814d    00000064                        : can.obj (.text:CAN_setBitTiming)
                  000081b1    00000061                        : can.obj (.text:CAN_setBitRate)
                  00008212    00000051                        : sysctl.obj (.text:SysCtl_getClock)
                  00008263    00000048                        : sysctl.obj (.text:SysCtl_selectOscSource)
                  000082ab    00000037                        : gpio.obj (.text:GPIO_setControllerCore)
                  000082e2    00000037                        : gpio.obj (.text:GPIO_setPinConfig)
                  00008319    00000037                        : gpio.obj (.text:GPIO_setQualificationMode)
                  00008350    00000031                        : gpio.obj (.text:GPIO_setDirectionMode)
                  00008381    00000030     rts2800_fpu32_eabi.lib : copy_decompress_lzss.c.obj (.text:decompress:lzss)
                  000083b1    0000002b                            : autoinit.c.obj (.text:__TI_auto_init_nobinit_nopinit)
                  000083dc    00000029                            : exit.c.obj (.text)
                  00008405    00000022     driverlib_eabi.lib : can.obj (.text:CAN_writeDataReg)
                  00008427    00000021                        : sysctl.obj (.text:CPUTimer_selectClockSource)
                  00008448    0000001f                        : sysctl.obj (.text:CPUTimer_getTimerOverflowStatus)
                  00008467    0000001d     rts2800_fpu32_eabi.lib : memcpy.c.obj (.text)
                  00008484    0000001c     driverlib_eabi.lib : can.obj (.text:CAN_initModule)
                  000084a0    0000001a                        : can.obj (.text:CAN_initRAM)
                  000084ba    0000001a                        : sysctl.obj (.text:CPUTimer_startTimer)
                  000084d4    0000001a                        : sysctl.obj (.text:SysCtl_getLowSpeedClock)
                  000084ee    00000017                        : sysctl.obj (.text:CPUTimer_isBaseValid)
                  00008505    00000017     rts2800_fpu32_eabi.lib : boot28.asm.obj (.text)
                  0000851c    00000015     driverlib_eabi.lib : can.obj (.text:CAN_isBaseValid)
                  00008531    00000014                        : sysctl.obj (.text:CPUTimer_stopTimer)
                  00008545    00000012                        : sysctl.obj (.text:CPUTimer_disableInterrupt)
                  00008557    00000011                        : sysctl.obj (.text:CPUTimer_setPeriod)
                  00008568    0000000f                        : sysctl.obj (.text:SysCtl_pollCpuTimer)
                  00008577    0000000e                        : gpio.obj (.text:GPIO_isPinValid)
                  00008585    0000000d     rts2800_fpu32_eabi.lib : copy_zero_init.c.obj (.text:decompress:ZI:__TI_zero_init_nomemset)
                  00008592    0000000c                            : args_main.c.obj (.text)
                  0000859e    0000000b     driverlib_eabi.lib : sysctl.obj (.text:SysCtl_isMCDClockFailureDetected)
                  000085a9    00000009                        : sysctl.obj (.text:SysCtl_serviceWatchdog)
                  000085b2    00000009     rts2800_fpu32_eabi.lib : _lock.c.obj (.text)
                  000085bb    00000008     F2837xD_CodeStartBranch.obj (.text)
                  000085c3    00000008     rts2800_fpu32_eabi.lib : copy_decompress_none.c.obj (.text:decompress:none)
                  000085cb    00000007     driverlib_eabi.lib : sysctl.obj (.text:SysCtl_resetMCD)
                  000085d2    00000002     rts2800_fpu32_eabi.lib : pre_init.c.obj (.text)

.text.2    0    0000b000    00000800     
                  0000b000    000003fa     device.obj (.text)
                  0000b3fa    00000206     driverlib_eabi.lib : sysctl.obj (.text:SysCtl_setClock)
                  0000b600    000000db                        : can.obj (.text:CAN_setupMessageObject)
                  0000b6db    0000008a                        : sysctl.obj (.text:SysCtl_selectXTAL)
                  0000b765    00000088     rts2800_fpu32_eabi.lib : fs_div28.asm.obj (.text)
                  0000b7ed    00000012     driverlib_eabi.lib : sysctl.obj (.text:CPUTimer_clearOverflowFlag)
                  0000b7ff    00000001     rts2800_fpu32_eabi.lib : startup.c.obj (.text)

MODULE SUMMARY

       Module                        code   ro data   rw data
       ------                        ----   -------   -------
    .\
       can_ex4_simple_transmit.obj   115    61        1      
    +--+-----------------------------+------+---------+---------+
       Total:                        115    61        1      
                                                             
    .\device\
       device.obj                    1018   19        6      
       F2837xD_CodeStartBranch.obj   10     0         0      
    +--+-----------------------------+------+---------+---------+
       Total:                        1028   19        6      
                                                             
    C:\ti\C2000Ware_5_00_00_00\driverlib\f2837xd\driverlib\ccs\Debug\driverlib_eabi.lib
       sysctl.obj                    1171   194       0      
       can.obj                       639    187       0      
       gpio.obj                      228    188       0      
    +--+-----------------------------+------+---------+---------+
       Total:                        2038   569       0      
                                                             
    C:\ti\ccs1250\ccs\tools\compiler\ti-cgt-c2000_22.6.1.LTS\lib\rts2800_fpu32_eabi.lib
       fs_div28.asm.obj              136    0         0      
       copy_decompress_lzss.c.obj    48     0         0      
       exit.c.obj                    41     0         6      
       autoinit.c.obj                43     0         0      
       memcpy.c.obj                  29     0         0      
       boot28.asm.obj                23     0         0      
       _lock.c.obj                   9      0         4      
       copy_zero_init.c.obj          13     0         0      
       args_main.c.obj               12     0         0      
       copy_decompress_none.c.obj    8      0         0      
       pre_init.c.obj                2      0         0      
       startup.c.obj                 1      0         0      
    +--+-----------------------------+------+---------+---------+
       Total:                        365    0         10     
                                                             
       Stack:                        0      0         256    
       Linker Generated:             0      27        0      
    +--+-----------------------------+------+---------+---------+
       Grand Total:                  3546   676       273    


LINKER GENERATED COPY TABLES

__TI_cinit_table @ 0000013c records: 2, size/record: 4, table size: 8
	.data: load addr=00000128, load size=00000009 bytes, run addr=0000aa8c, run size=00000010 bytes, compression=lzss
	.bss: load addr=00000138, load size=00000004 bytes, run addr=0000aa8b, run size=00000001 bytes, compression=zero_init


LINKER GENERATED HANDLER TABLE

__TI_handler_table @ 00000132 records: 3, size/record: 2, table size: 6
	index: 0, handler: __TI_zero_init
	index: 1, handler: __TI_decompress_lzss
	index: 2, handler: __TI_decompress_none


GLOBAL DATA SYMBOLS: SORTED BY DATA PAGE

address     data page           name
--------    ----------------    ----
00000400      10 (00000400)     __stack

0000aa8b     2aa (0000aa80)     txMsgData
0000aa8c     2aa (0000aa80)     Example_Result
0000aa8e     2aa (0000aa80)     Example_PassCount
0000aa90     2aa (0000aa80)     Example_Fail
0000aa92     2aa (0000aa80)     __TI_enable_exit_profile_output
0000aa94     2aa (0000aa80)     __TI_cleanup_ptr
0000aa96     2aa (0000aa80)     __TI_dtors_ptr
0000aa98     2aa (0000aa80)     _lock
0000aa9a     2aa (0000aa80)     _unlock


GLOBAL SYMBOLS: SORTED ALPHABETICALLY BY Name 

page  address   name                                     
----  -------   ----                                     
0     000083dc  C$$EXIT                                  
0     00008484  CAN_initModule                           
0     00008073  CAN_sendMessage                          
0     000081b1  CAN_setBitRate                           
0     0000814d  CAN_setBitTiming                         
0     0000b600  CAN_setupMessageObject                   
0     0000b26e  Device_bootCPU2                          
0     0000b23d  Device_configureTMXAnalogTrim            
0     0000b0eb  Device_enableAllPeripherals              
0     0000b227  Device_enableUnbondedGPIOPullups         
0     0000b20a  Device_enableUnbondedGPIOPullupsFor100Pin
0     0000b1f7  Device_enableUnbondedGPIOPullupsFor176Pin
0     0000b0ab  Device_init                              
0     0000b1d6  Device_initGPIO                          
1     0000aa90  Example_Fail                             
1     0000aa8e  Example_PassCount                        
1     0000aa8c  Example_Result                           
0     0000b3f9  Example_done                             
0     0000b3f4  Example_setResultFail                    
0     0000b3ef  Example_setResultPass                    
0     000082ab  GPIO_setControllerCore                   
0     00008350  GPIO_setDirectionMode                    
0     000082e2  GPIO_setPinConfig                        
0     00008319  GPIO_setQualificationMode                
0     00000123  SysCtl_delay                             
0     00008212  SysCtl_getClock                          
0     000080e5  SysCtl_getDeviceParametric               
0     000084d4  SysCtl_getLowSpeedClock                  
0     00008263  SysCtl_selectOscSource                   
0     0000b6db  SysCtl_selectXTAL                        
0     0000b3fa  SysCtl_setClock                          
0     0000013c  __TI_CINIT_Base                          
0     00000144  __TI_CINIT_Limit                         
0     00000144  __TI_CINIT_Warm                          
0     00000132  __TI_Handler_Table_Base                  
0     00000138  __TI_Handler_Table_Limit                 
1     00000500  __TI_STACK_END                           
abs   00000100  __TI_STACK_SIZE                          
0     000083b1  __TI_auto_init_nobinit_nopinit           
1     0000aa94  __TI_cleanup_ptr                         
0     00008381  __TI_decompress_lzss                     
0     000085c3  __TI_decompress_none                     
1     0000aa96  __TI_dtors_ptr                           
1     0000aa92  __TI_enable_exit_profile_output          
abs   ffffffff  __TI_pprof_out_hndl                      
abs   ffffffff  __TI_prof_data_size                      
abs   ffffffff  __TI_prof_data_start                     
0     00008585  __TI_zero_init_nomemset                  
0     0000b765  __c28xabi_divf                           
n/a   UNDEFED   __c_args__                               
0     0000b3e8  __error__                                
1     00000400  __stack                                  
0     00008592  _args_main                               
0     00008505  _c_int00                                 
1     0000aa98  _lock                                    
0     000085ba  _nop                                     
0     000085b6  _register_lock                           
0     000085b2  _register_unlock                         
0     0000b7ff  _system_post_cinit                       
0     000085d2  _system_pre_init                         
1     0000aa9a  _unlock                                  
0     000083dc  abort                                    
0     00000000  code_start                               
0     000083de  exit                                     
0     00008026  main                                     
0     00008467  memcpy                                   
1     0000aa8b  txMsgData                                


GLOBAL SYMBOLS: SORTED BY Symbol Address 

page  address   name                                     
----  -------   ----                                     
0     00000000  code_start                               
0     00000123  SysCtl_delay                             
0     00000132  __TI_Handler_Table_Base                  
0     00000138  __TI_Handler_Table_Limit                 
0     0000013c  __TI_CINIT_Base                          
0     00000144  __TI_CINIT_Limit                         
0     00000144  __TI_CINIT_Warm                          
0     00008026  main                                     
0     00008073  CAN_sendMessage                          
0     000080e5  SysCtl_getDeviceParametric               
0     0000814d  CAN_setBitTiming                         
0     000081b1  CAN_setBitRate                           
0     00008212  SysCtl_getClock                          
0     00008263  SysCtl_selectOscSource                   
0     000082ab  GPIO_setControllerCore                   
0     000082e2  GPIO_setPinConfig                        
0     00008319  GPIO_setQualificationMode                
0     00008350  GPIO_setDirectionMode                    
0     00008381  __TI_decompress_lzss                     
0     000083b1  __TI_auto_init_nobinit_nopinit           
0     000083dc  C$$EXIT                                  
0     000083dc  abort                                    
0     000083de  exit                                     
0     00008467  memcpy                                   
0     00008484  CAN_initModule                           
0     000084d4  SysCtl_getLowSpeedClock                  
0     00008505  _c_int00                                 
0     00008585  __TI_zero_init_nomemset                  
0     00008592  _args_main                               
0     000085b2  _register_unlock                         
0     000085b6  _register_lock                           
0     000085ba  _nop                                     
0     000085c3  __TI_decompress_none                     
0     000085d2  _system_pre_init                         
0     0000b0ab  Device_init                              
0     0000b0eb  Device_enableAllPeripherals              
0     0000b1d6  Device_initGPIO                          
0     0000b1f7  Device_enableUnbondedGPIOPullupsFor176Pin
0     0000b20a  Device_enableUnbondedGPIOPullupsFor100Pin
0     0000b227  Device_enableUnbondedGPIOPullups         
0     0000b23d  Device_configureTMXAnalogTrim            
0     0000b26e  Device_bootCPU2                          
0     0000b3e8  __error__                                
0     0000b3ef  Example_setResultPass                    
0     0000b3f4  Example_setResultFail                    
0     0000b3f9  Example_done                             
0     0000b3fa  SysCtl_setClock                          
0     0000b600  CAN_setupMessageObject                   
0     0000b6db  SysCtl_selectXTAL                        
0     0000b765  __c28xabi_divf                           
0     0000b7ff  _system_post_cinit                       
1     00000400  __stack                                  
1     00000500  __TI_STACK_END                           
1     0000aa8b  txMsgData                                
1     0000aa8c  Example_Result                           
1     0000aa8e  Example_PassCount                        
1     0000aa90  Example_Fail                             
1     0000aa92  __TI_enable_exit_profile_output          
1     0000aa94  __TI_cleanup_ptr                         
1     0000aa96  __TI_dtors_ptr                           
1     0000aa98  _lock                                    
1     0000aa9a  _unlock                                  
abs   00000100  __TI_STACK_SIZE                          
abs   ffffffff  __TI_pprof_out_hndl                      
abs   ffffffff  __TI_prof_data_size                      
abs   ffffffff  __TI_prof_data_start                     
n/a   UNDEFED   __c_args__                               

[67 symbols]
