******************************************************************************
             TMS320C2000 Linker PC v22.6.1                     
******************************************************************************
>> Linked Sun Apr 21 11:07:56 2024

OUTPUT FILE NAME:   <MCUcodeV01.out>
ENTRY POINT SYMBOL: "code_start"  address: 00000000


MEMORY CONFIGURATION

         name            origin    length      used     unused   attr    fill
----------------------  --------  ---------  --------  --------  ----  --------
PAGE 0:
  BEGIN                 00000000   00000002  00000002  00000000  RWIX
  RAMM0                 00000123   000002dd  00000022  000002bb  RWIX
  RAMLS0                00008000   00000800  00000800  00000000  RWIX
  RAMLS1                00008800   00000800  0000034a  000004b6  RWIX
  RAMLS2                00009000   00000800  00000000  00000800  RWIX
  RAMLS3                00009800   00000800  00000000  00000800  RWIX
  RAMLS4                0000a000   00000800  00000000  00000800  RWIX
  RAMD0                 0000b000   00000800  00000800  00000000  RWIX
  FLASHA                00080002   00001ffe  00000000  00001ffe  RWIX
  FLASHB                00082000   00002000  00000000  00002000  RWIX
  FLASHC                00084000   00002000  00000000  00002000  RWIX
  FLASHD                00086000   00002000  00000000  00002000  RWIX
  FLASHE                00088000   00008000  00000000  00008000  RWIX
  FLASHF                00090000   00008000  00000000  00008000  RWIX
  FLASHG                00098000   00008000  00000000  00008000  RWIX
  FLASHH                000a0000   00008000  00000000  00008000  RWIX
  FLASHI                000a8000   00008000  00000000  00008000  RWIX
  FLASHJ                000b0000   00008000  00000000  00008000  RWIX
  FLASHK                000b8000   00002000  00000000  00002000  RWIX
  FLASHL                000ba000   00002000  00000000  00002000  RWIX
  FLASHM                000bc000   00002000  00000000  00002000  RWIX
  FLASHN                000be000   00001ff0  00000000  00001ff0  RWIX
  RESET                 003fffc0   00000002  00000000  00000002  RWIX

PAGE 1:
  BOOT_RSVD             00000002   00000121  00000000  00000121  RWIX
  RAMM1                 00000400   000003f8  00000100  000002f8  RWIX
  RAMLS5                0000a800   00000800  000002fb  00000505  RWIX
  RAMD1                 0000b800   00000800  00000000  00000800  RWIX
  RAMGS0                0000c000   00001000  00000000  00001000  RWIX
  RAMGS1                0000d000   00001000  00000000  00001000  RWIX
  RAMGS2                0000e000   00001000  00000000  00001000  RWIX
  RAMGS3                0000f000   00001000  00000000  00001000  RWIX
  RAMGS4                00010000   00001000  00000000  00001000  RWIX
  RAMGS5                00011000   00001000  00000000  00001000  RWIX
  RAMGS6                00012000   00001000  00000000  00001000  RWIX
  RAMGS7                00013000   00001000  00000000  00001000  RWIX
  RAMGS8                00014000   00001000  00000000  00001000  RWIX
  RAMGS9                00015000   00001000  00000000  00001000  RWIX
  RAMGS10               00016000   00001000  00000000  00001000  RWIX
  RAMGS11               00017000   00001000  00000000  00001000  RWIX
  RAMGS12               00018000   00001000  00000000  00001000  RWIX
  RAMGS13               00019000   00001000  00000000  00001000  RWIX
  RAMGS14               0001a000   00001000  00000000  00001000  RWIX
  RAMGS15               0001b000   00000ff8  00000000  00000ff8  RWIX
  CPU2TOCPU1RAM         0003f800   00000400  00000000  00000400  RWIX
  CPU1TOCPU2RAM         0003fc00   00000400  00000000  00000400  RWIX
  CANA_MSG_RAM          00049000   00000800  00000000  00000800  RWIX
  CANB_MSG_RAM          0004b000   00000800  00000000  00000800  RWIX


SECTION ALLOCATION MAP

 output                                  attributes/
section   page    origin      length       input sections
--------  ----  ----------  ----------   ----------------
codestart 
*          0    00000000    00000002     
                  00000000    00000002     F2837xD_CodeStartBranch.obj (codestart)

.cinit     0    00000128    0000001e     
                  00000128    0000000c     (.cinit..data.load) [load image, compression = lzss]
                  00000134    00000006     (__TI_handler_table)
                  0000013a    00000004     (.cinit..bss.load) [load image, compression = zero_init]
                  0000013e    00000008     (__TI_cinit_table)

.reset     0    003fffc0    00000000     DSECT

.stack     1    00000400    00000100     UNINITIALIZED
                  00000400    00000100     --HOLE--

.bss       1    0000aace    0000002e     UNINITIALIZED
                  0000aace    00000008     MAIN.obj (.bss:rxMsgData1)
                  0000aad6    00000008     MAIN.obj (.bss:rxMsgData2)
                  0000aade    00000008     MAIN.obj (.bss:rxMsgData3)
                  0000aae6    00000008     MAIN.obj (.bss:rxMsgData4)
                  0000aaee    00000008     MAIN.obj (.bss:rxMsgData5)
                  0000aaf6    00000006     MAIN.obj (.bss)

.init_array 
*          0    00000123    00000000     UNINITIALIZED

.const     1    0000a800    00000291     
                  0000a800    000000c2     driverlib_eabi.lib : sysctl.obj (.const:.string)
                  0000a8c2    000000bc                        : gpio.obj (.const:.string)
                  0000a97e    000000bb                        : can.obj (.const:.string)
                  0000aa39    00000001     --HOLE-- [fill = 0]
                  0000aa3a    00000043     MAIN.obj (.const:.string)
                  0000aa7d    00000001     --HOLE-- [fill = 0]
                  0000aa7e    00000013     device.obj (.const:.string)

.data      1    0000aa92    0000003c     UNINITIALIZED
                  0000aa92    0000002c     MAIN.obj (.data)
                  0000aabe    00000002     rts2800_fpu32_eabi.lib : _lock.c.obj (.data:_lock)
                  0000aac0    00000006     device.obj (.data)
                  0000aac6    00000006     rts2800_fpu32_eabi.lib : exit.c.obj (.data)
                  0000aacc    00000002                            : _lock.c.obj (.data:_unlock)

.TI.ramfunc 
*          0    00000123    00000004     
                  00000123    00000004     driverlib_eabi.lib : sysctl.obj (.TI.ramfunc)

GETBUFFER 
*          0    0003f800    00000000     DSECT

GETWRITEIDX 
*          0    0003f800    00000000     DSECT

PUTREADIDX 
*          0    0003f800    00000000     DSECT

.text.1    0    00008000    00000800     
                  00008000    00000206     driverlib_eabi.lib : sysctl.obj (.text:SysCtl_setClock)
                  00008206    000000ee     MAIN.obj (.text:retain)
                  000082f4    000000db     driverlib_eabi.lib : can.obj (.text:CAN_setupMessageObject)
                  000083cf    00000088     rts2800_fpu32_eabi.lib : fs_div28.asm.obj (.text)
                  00008457    00000072     driverlib_eabi.lib : can.obj (.text:CAN_sendMessage)
                  000084c9    00000068                        : sysctl.obj (.text:SysCtl_getDeviceParametric)
                  00008531    00000066                        : can.obj (.text:CAN_readMessage)
                  00008597    00000064                        : can.obj (.text:CAN_setBitTiming)
                  000085fb    00000061                        : can.obj (.text:CAN_setBitRate)
                  0000865c    00000051                        : sysctl.obj (.text:SysCtl_getClock)
                  000086ad    00000048                        : sysctl.obj (.text:SysCtl_selectOscSource)
                  000086f5    00000046                        : can.obj (.text:CAN_clearInterruptStatus)
                  0000873b    0000003d                        : interrupt.obj (.text:Interrupt_initModule)
                  00008778    00000037                        : gpio.obj (.text:GPIO_setControllerCore)
                  000087af    00000037                        : gpio.obj (.text:GPIO_setPinConfig)
                  000087e6    0000001a                        : can.obj (.text:CAN_initRAM)

.text.2    0    00008800    0000034a     
                  00008800    00000037     driverlib_eabi.lib : gpio.obj (.text:GPIO_setQualificationMode)
                  00008837    00000037                        : interrupt.obj (.text:Interrupt_enable)
                  0000886e    00000031                        : gpio.obj (.text:GPIO_setDirectionMode)
                  0000889f    00000030     rts2800_fpu32_eabi.lib : copy_decompress_lzss.c.obj (.text:decompress:lzss)
                  000088cf    0000002b                            : autoinit.c.obj (.text:__TI_auto_init_nobinit_nopinit)
                  000088fa    00000029                            : exit.c.obj (.text)
                  00008923    00000022     driverlib_eabi.lib : can.obj (.text:CAN_writeDataReg)
                  00008945    00000021                        : sysctl.obj (.text:CPUTimer_selectClockSource)
                  00008966    0000001f                        : sysctl.obj (.text:CPUTimer_getTimerOverflowStatus)
                  00008985    0000001e                        : interrupt.obj (.text:Interrupt_initVectorTable)
                  000089a3    0000001d     rts2800_fpu32_eabi.lib : memcpy.c.obj (.text)
                  000089c0    0000001c     driverlib_eabi.lib : can.obj (.text:CAN_initModule)
                  000089dc    0000001b                        : can.obj (.text:CAN_readDataReg)
                  000089f7    0000001a                        : sysctl.obj (.text:CPUTimer_startTimer)
                  00008a11    0000001a                        : sysctl.obj (.text:SysCtl_getLowSpeedClock)
                  00008a2b    00000017                        : sysctl.obj (.text:CPUTimer_isBaseValid)
                  00008a42    00000017     rts2800_fpu32_eabi.lib : boot28.asm.obj (.text)
                  00008a59    00000015     driverlib_eabi.lib : can.obj (.text:CAN_isBaseValid)
                  00008a6e    00000014                        : sysctl.obj (.text:CPUTimer_stopTimer)
                  00008a82    00000012                        : sysctl.obj (.text:CPUTimer_clearOverflowFlag)
                  00008a94    00000012                        : sysctl.obj (.text:CPUTimer_disableInterrupt)
                  00008aa6    00000011                        : sysctl.obj (.text:CPUTimer_setPeriod)
                  00008ab7    0000000f                        : sysctl.obj (.text:SysCtl_pollCpuTimer)
                  00008ac6    0000000e                        : gpio.obj (.text:GPIO_isPinValid)
                  00008ad4    0000000e                        : interrupt.obj (.text:Interrupt_defaultHandler)
                  00008ae2    0000000d                        : interrupt.obj (.text:Interrupt_disableGlobal)
                  00008aef    0000000d                        : interrupt.obj (.text:Interrupt_enableGlobal)
                  00008afc    0000000d     rts2800_fpu32_eabi.lib : copy_zero_init.c.obj (.text:decompress:ZI:__TI_zero_init_nomemset)
                  00008b09    0000000c                            : args_main.c.obj (.text)
                  00008b15    0000000b     driverlib_eabi.lib : sysctl.obj (.text:SysCtl_isMCDClockFailureDetected)
                  00008b20    00000009                        : sysctl.obj (.text:SysCtl_serviceWatchdog)
                  00008b29    00000009     rts2800_fpu32_eabi.lib : _lock.c.obj (.text)
                  00008b32    00000008     F2837xD_CodeStartBranch.obj (.text)
                  00008b3a    00000008     rts2800_fpu32_eabi.lib : copy_decompress_none.c.obj (.text:decompress:none)
                  00008b42    00000007     driverlib_eabi.lib : sysctl.obj (.text:SysCtl_resetMCD)
                  00008b49    00000001     rts2800_fpu32_eabi.lib : startup.c.obj (.text)

.text.3    0    0000b000    00000800     
                  0000b000    000003fa     device.obj (.text)
                  0000b3fa    0000024c     MAIN.obj (.text)
                  0000b646    0000012a     DECODE_ROUTINES.obj (.text)
                  0000b770    0000008a     driverlib_eabi.lib : sysctl.obj (.text:SysCtl_selectXTAL)
                  0000b7fa    00000002                        : interrupt.obj (.text:Interrupt_illegalOperationHandler)
                  0000b7fc    00000002                        : interrupt.obj (.text:Interrupt_nmiHandler)
                  0000b7fe    00000002     rts2800_fpu32_eabi.lib : pre_init.c.obj (.text)

MODULE SUMMARY

       Module                        code   ro data   rw data
       ------                        ----   -------   -------
    .\
       MAIN.obj                      826    67        90     
       DECODE_ROUTINES.obj           298    0         0      
    +--+-----------------------------+------+---------+---------+
       Total:                        1124   67        90     
                                                             
    .\device\
       device.obj                    1018   19        6      
       F2837xD_CodeStartBranch.obj   10     0         0      
    +--+-----------------------------+------+---------+---------+
       Total:                        1028   19        6      
                                                             
    C:\ti\c2000\C2000Ware_5_01_00_00\driverlib\f2837xd\driverlib\ccs\Debug\driverlib_eabi.lib
       sysctl.obj                    1171   194       0      
       can.obj                       838    187       0      
       gpio.obj                      228    188       0      
       interrupt.obj                 190    0         0      
    +--+-----------------------------+------+---------+---------+
       Total:                        2427   569       0      
                                                             
    C:\ti\ccs1250\ccs\tools\compiler\ti-cgt-c2000_22.6.1.LTS\lib\rts2800_fpu32_eabi.lib
       fs_div28.asm.obj              136    0         0      
       copy_decompress_lzss.c.obj    48     0         0      
       exit.c.obj                    41     0         6      
       autoinit.c.obj                43     0         0      
       memcpy.c.obj                  29     0         0      
       boot28.asm.obj                23     0         0      
       _lock.c.obj                   9      0         4      
       copy_zero_init.c.obj          13     0         0      
       args_main.c.obj               12     0         0      
       copy_decompress_none.c.obj    8      0         0      
       pre_init.c.obj                2      0         0      
       startup.c.obj                 1      0         0      
    +--+-----------------------------+------+---------+---------+
       Total:                        365    0         10     
                                                             
       Stack:                        0      0         256    
       Linker Generated:             0      30        0      
    +--+-----------------------------+------+---------+---------+
       Grand Total:                  4944   685       362    


LINKER GENERATED COPY TABLES

__TI_cinit_table @ 0000013e records: 2, size/record: 4, table size: 8
	.data: load addr=00000128, load size=0000000c bytes, run addr=0000aa92, run size=0000003c bytes, compression=lzss
	.bss: load addr=0000013a, load size=00000004 bytes, run addr=0000aace, run size=0000002e bytes, compression=zero_init


LINKER GENERATED HANDLER TABLE

__TI_handler_table @ 00000134 records: 3, size/record: 2, table size: 6
	index: 0, handler: __TI_zero_init
	index: 1, handler: __TI_decompress_lzss
	index: 2, handler: __TI_decompress_none


GLOBAL DATA SYMBOLS: SORTED BY DATA PAGE

address     data page           name
--------    ----------------    ----
00000400      10 (00000400)     __stack

0000aa92     2aa (0000aa80)     throttle
0000aa93     2aa (0000aa80)     brake
0000aa94     2aa (0000aa80)     DriveEnable
0000aa95     2aa (0000aa80)     DigData
0000aa96     2aa (0000aa80)     RX_reg
0000aa97     2aa (0000aa80)     FaultCode
0000aa98     2aa (0000aa80)     errorFlag
0000aa9a     2aa (0000aa80)     cnt
0000aa9c     2aa (0000aa80)     ERPM_rear
0000aa9e     2aa (0000aa80)     cont_w
0000aaa0     2aa (0000aa80)     DutyCycle
0000aaa2     2aa (0000aa80)     DCVoltage
0000aaa4     2aa (0000aa80)     DCCurrent
0000aaa6     2aa (0000aa80)     ACCurrent
0000aaa8     2aa (0000aa80)     RPM_rear
0000aaaa     2aa (0000aa80)     MotTemp
0000aaac     2aa (0000aa80)     CtrlTemp
0000aaae     2aa (0000aa80)     dCurrent
0000aab0     2aa (0000aa80)     qCurrent
0000aab2     2aa (0000aa80)     estTorque
0000aab4     2aa (0000aa80)     AclTorque
0000aab6     2aa (0000aa80)     BrkTorque
0000aab8     2aa (0000aa80)     BrkRmsCur
0000aaba     2aa (0000aa80)     AclRmsCur
0000aabc     2aa (0000aa80)     CANintCont
0000aabe     2aa (0000aa80)     _lock

0000aac0     2ab (0000aac0)     Example_Result
0000aac2     2ab (0000aac0)     Example_PassCount
0000aac4     2ab (0000aac0)     Example_Fail
0000aac6     2ab (0000aac0)     __TI_enable_exit_profile_output
0000aac8     2ab (0000aac0)     __TI_cleanup_ptr
0000aaca     2ab (0000aac0)     __TI_dtors_ptr
0000aacc     2ab (0000aac0)     _unlock
0000aace     2ab (0000aac0)     rxMsgData1
0000aad6     2ab (0000aac0)     rxMsgData2
0000aade     2ab (0000aac0)     rxMsgData3
0000aae6     2ab (0000aac0)     rxMsgData4
0000aaee     2ab (0000aac0)     rxMsgData5
0000aaf6     2ab (0000aac0)     cpuTimer0IntCount
0000aaf8     2ab (0000aac0)     status1
0000aafa     2ab (0000aac0)     status2


GLOBAL SYMBOLS: SORTED ALPHABETICALLY BY Name 

page  address   name                                     
----  -------   ----                                     
1     0000aaa6  ACCurrent                                
1     0000aaba  AclRmsCur                                
1     0000aab4  AclTorque                                
1     0000aab8  BrkRmsCur                                
1     0000aab6  BrkTorque                                
0     000088fa  C$$EXIT                                  
0     000086f5  CAN_clearInterruptStatus                 
0     000089c0  CAN_initModule                           
0     00008531  CAN_readMessage                          
0     00008457  CAN_sendMessage                          
0     000085fb  CAN_setBitRate                           
0     00008597  CAN_setBitTiming                         
0     000082f4  CAN_setupMessageObject                   
1     0000aabc  CANintCont                               
1     0000aaac  CtrlTemp                                 
1     0000aaa4  DCCurrent                                
1     0000aaa2  DCVoltage                                
0     0000b26e  Device_bootCPU2                          
0     0000b23d  Device_configureTMXAnalogTrim            
0     0000b0eb  Device_enableAllPeripherals              
0     0000b227  Device_enableUnbondedGPIOPullups         
0     0000b20a  Device_enableUnbondedGPIOPullupsFor100Pin
0     0000b1f7  Device_enableUnbondedGPIOPullupsFor176Pin
0     0000b0ab  Device_init                              
0     0000b1d6  Device_initGPIO                          
1     0000aa95  DigData                                  
1     0000aa94  DriveEnable                              
1     0000aaa0  DutyCycle                                
1     0000aa9c  ERPM_rear                                
1     0000aac4  Example_Fail                             
1     0000aac2  Example_PassCount                        
1     0000aac0  Example_Result                           
0     0000b3f9  Example_done                             
0     0000b3f4  Example_setResultFail                    
0     0000b3ef  Example_setResultPass                    
1     0000aa97  FaultCode                                
0     00008778  GPIO_setControllerCore                   
0     0000886e  GPIO_setDirectionMode                    
0     000087af  GPIO_setPinConfig                        
0     00008800  GPIO_setQualificationMode                
0     00008837  Interrupt_enable                         
0     0000873b  Interrupt_initModule                     
0     00008985  Interrupt_initVectorTable                
1     0000aaaa  MotTemp                                  
1     0000aaa8  RPM_rear                                 
1     0000aa96  RX_reg                                   
0     0000b751  SetupMsgPhaseCurrent                     
0     00000123  SysCtl_delay                             
0     0000865c  SysCtl_getClock                          
0     000084c9  SysCtl_getDeviceParametric               
0     00008a11  SysCtl_getLowSpeedClock                  
0     000086ad  SysCtl_selectOscSource                   
0     0000b770  SysCtl_selectXTAL                        
0     00008000  SysCtl_setClock                          
0     0000013e  __TI_CINIT_Base                          
0     00000146  __TI_CINIT_Limit                         
0     00000146  __TI_CINIT_Warm                          
0     00000134  __TI_Handler_Table_Base                  
0     0000013a  __TI_Handler_Table_Limit                 
1     00000500  __TI_STACK_END                           
abs   00000100  __TI_STACK_SIZE                          
0     000088cf  __TI_auto_init_nobinit_nopinit           
1     0000aac8  __TI_cleanup_ptr                         
0     0000889f  __TI_decompress_lzss                     
0     00008b3a  __TI_decompress_none                     
1     0000aaca  __TI_dtors_ptr                           
1     0000aac6  __TI_enable_exit_profile_output          
abs   ffffffff  __TI_pprof_out_hndl                      
abs   ffffffff  __TI_prof_data_size                      
abs   ffffffff  __TI_prof_data_start                     
0     00008afc  __TI_zero_init_nomemset                  
0     000083cf  __c28xabi_divf                           
n/a   UNDEFED   __c_args__                               
0     0000b3e8  __error__                                
1     00000400  __stack                                  
0     00008b09  _args_main                               
0     00008a42  _c_int00                                 
1     0000aabe  _lock                                    
0     00008b31  _nop                                     
0     00008b2d  _register_lock                           
0     00008b29  _register_unlock                         
0     00008b49  _system_post_cinit                       
0     0000b7fe  _system_pre_init                         
1     0000aacc  _unlock                                  
0     000088fa  abort                                    
1     0000aa93  brake                                    
0     00008206  canbISR                                  
1     0000aa9a  cnt                                      
0     00000000  code_start                               
1     0000aa9e  cont_w                                   
1     0000aaf6  cpuTimer0IntCount                        
1     0000aaae  dCurrent                                 
0     0000b6ca  decodeCanMessageToACCurrent              
0     0000b6ad  decodeCanMessageToDCCurrent              
0     0000b690  decodeCanMessageToDCVoltage              
0     0000b704  decodeCanMessageToDQCurr                 
0     0000b673  decodeCanMessageToDuty                   
0     0000b646  decodeCanMessageToErpm                   
0     0000b6e7  decodeCanMessageToTEMP                   
1     0000aa98  errorFlag                                
1     0000aab2  estTorque                                
0     000088fc  exit                                     
0     0000b4b3  main                                     
0     000089a3  memcpy                                   
1     0000aab0  qCurrent                                 
1     0000aace  rxMsgData1                               
1     0000aad6  rxMsgData2                               
1     0000aade  rxMsgData3                               
1     0000aae6  rxMsgData4                               
1     0000aaee  rxMsgData5                               
1     0000aaf8  status1                                  
1     0000aafa  status2                                  
1     0000aa92  throttle                                 


GLOBAL SYMBOLS: SORTED BY Symbol Address 

page  address   name                                     
----  -------   ----                                     
0     00000000  code_start                               
0     00000123  SysCtl_delay                             
0     00000134  __TI_Handler_Table_Base                  
0     0000013a  __TI_Handler_Table_Limit                 
0     0000013e  __TI_CINIT_Base                          
0     00000146  __TI_CINIT_Limit                         
0     00000146  __TI_CINIT_Warm                          
0     00008000  SysCtl_setClock                          
0     00008206  canbISR                                  
0     000082f4  CAN_setupMessageObject                   
0     000083cf  __c28xabi_divf                           
0     00008457  CAN_sendMessage                          
0     000084c9  SysCtl_getDeviceParametric               
0     00008531  CAN_readMessage                          
0     00008597  CAN_setBitTiming                         
0     000085fb  CAN_setBitRate                           
0     0000865c  SysCtl_getClock                          
0     000086ad  SysCtl_selectOscSource                   
0     000086f5  CAN_clearInterruptStatus                 
0     0000873b  Interrupt_initModule                     
0     00008778  GPIO_setControllerCore                   
0     000087af  GPIO_setPinConfig                        
0     00008800  GPIO_setQualificationMode                
0     00008837  Interrupt_enable                         
0     0000886e  GPIO_setDirectionMode                    
0     0000889f  __TI_decompress_lzss                     
0     000088cf  __TI_auto_init_nobinit_nopinit           
0     000088fa  C$$EXIT                                  
0     000088fa  abort                                    
0     000088fc  exit                                     
0     00008985  Interrupt_initVectorTable                
0     000089a3  memcpy                                   
0     000089c0  CAN_initModule                           
0     00008a11  SysCtl_getLowSpeedClock                  
0     00008a42  _c_int00                                 
0     00008afc  __TI_zero_init_nomemset                  
0     00008b09  _args_main                               
0     00008b29  _register_unlock                         
0     00008b2d  _register_lock                           
0     00008b31  _nop                                     
0     00008b3a  __TI_decompress_none                     
0     00008b49  _system_post_cinit                       
0     0000b0ab  Device_init                              
0     0000b0eb  Device_enableAllPeripherals              
0     0000b1d6  Device_initGPIO                          
0     0000b1f7  Device_enableUnbondedGPIOPullupsFor176Pin
0     0000b20a  Device_enableUnbondedGPIOPullupsFor100Pin
0     0000b227  Device_enableUnbondedGPIOPullups         
0     0000b23d  Device_configureTMXAnalogTrim            
0     0000b26e  Device_bootCPU2                          
0     0000b3e8  __error__                                
0     0000b3ef  Example_setResultPass                    
0     0000b3f4  Example_setResultFail                    
0     0000b3f9  Example_done                             
0     0000b4b3  main                                     
0     0000b646  decodeCanMessageToErpm                   
0     0000b673  decodeCanMessageToDuty                   
0     0000b690  decodeCanMessageToDCVoltage              
0     0000b6ad  decodeCanMessageToDCCurrent              
0     0000b6ca  decodeCanMessageToACCurrent              
0     0000b6e7  decodeCanMessageToTEMP                   
0     0000b704  decodeCanMessageToDQCurr                 
0     0000b751  SetupMsgPhaseCurrent                     
0     0000b770  SysCtl_selectXTAL                        
0     0000b7fe  _system_pre_init                         
1     00000400  __stack                                  
1     00000500  __TI_STACK_END                           
1     0000aa92  throttle                                 
1     0000aa93  brake                                    
1     0000aa94  DriveEnable                              
1     0000aa95  DigData                                  
1     0000aa96  RX_reg                                   
1     0000aa97  FaultCode                                
1     0000aa98  errorFlag                                
1     0000aa9a  cnt                                      
1     0000aa9c  ERPM_rear                                
1     0000aa9e  cont_w                                   
1     0000aaa0  DutyCycle                                
1     0000aaa2  DCVoltage                                
1     0000aaa4  DCCurrent                                
1     0000aaa6  ACCurrent                                
1     0000aaa8  RPM_rear                                 
1     0000aaaa  MotTemp                                  
1     0000aaac  CtrlTemp                                 
1     0000aaae  dCurrent                                 
1     0000aab0  qCurrent                                 
1     0000aab2  estTorque                                
1     0000aab4  AclTorque                                
1     0000aab6  BrkTorque                                
1     0000aab8  BrkRmsCur                                
1     0000aaba  AclRmsCur                                
1     0000aabc  CANintCont                               
1     0000aabe  _lock                                    
1     0000aac0  Example_Result                           
1     0000aac2  Example_PassCount                        
1     0000aac4  Example_Fail                             
1     0000aac6  __TI_enable_exit_profile_output          
1     0000aac8  __TI_cleanup_ptr                         
1     0000aaca  __TI_dtors_ptr                           
1     0000aacc  _unlock                                  
1     0000aace  rxMsgData1                               
1     0000aad6  rxMsgData2                               
1     0000aade  rxMsgData3                               
1     0000aae6  rxMsgData4                               
1     0000aaee  rxMsgData5                               
1     0000aaf6  cpuTimer0IntCount                        
1     0000aaf8  status1                                  
1     0000aafa  status2                                  
abs   00000100  __TI_STACK_SIZE                          
abs   ffffffff  __TI_pprof_out_hndl                      
abs   ffffffff  __TI_prof_data_size                      
abs   ffffffff  __TI_prof_data_start                     
n/a   UNDEFED   __c_args__                               

[113 symbols]
