******************************************************************************
             TMS320C2000 Linker PC v22.6.1                     
******************************************************************************
>> Linked Wed Jul  3 19:59:12 2024

OUTPUT FILE NAME:   <MCUcodeV01.out>
ENTRY POINT SYMBOL: "code_start"  address: 00000000


MEMORY CONFIGURATION

         name            origin    length      used     unused   attr    fill
----------------------  --------  ---------  --------  --------  ----  --------
PAGE 0:
  BEGIN                 00000000   00000002  00000002  00000000  RWIX
  RAMM0                 00000123   000002dd  00000024  000002b9  RWIX
  RAMLS0                00008000   00000800  00000800  00000000  RWIX
  RAMLS1                00008800   00000800  0000069a  00000166  RWIX
  RAMLS2                00009000   00000800  00000000  00000800  RWIX
  RAMLS3                00009800   00000800  00000000  00000800  RWIX
  RAMLS4                0000a000   00000800  00000000  00000800  RWIX
  RAMD0                 0000b000   00000800  00000800  00000000  RWIX
  FLASHA                00080002   00001ffe  00000000  00001ffe  RWIX
  FLASHB                00082000   00002000  00000000  00002000  RWIX
  FLASHC                00084000   00002000  00000000  00002000  RWIX
  FLASHD                00086000   00002000  00000000  00002000  RWIX
  FLASHE                00088000   00008000  00000000  00008000  RWIX
  FLASHF                00090000   00008000  00000000  00008000  RWIX
  FLASHG                00098000   00008000  00000000  00008000  RWIX
  FLASHH                000a0000   00008000  00000000  00008000  RWIX
  FLASHI                000a8000   00008000  00000000  00008000  RWIX
  FLASHJ                000b0000   00008000  00000000  00008000  RWIX
  FLASHK                000b8000   00002000  00000000  00002000  RWIX
  FLASHL                000ba000   00002000  00000000  00002000  RWIX
  FLASHM                000bc000   00002000  00000000  00002000  RWIX
  FLASHN                000be000   00001ff0  00000000  00001ff0  RWIX
  RESET                 003fffc0   00000002  00000000  00000002  RWIX

PAGE 1:
  BOOT_RSVD             00000002   00000121  00000000  00000121  RWIX
  RAMM1                 00000400   000003f8  00000100  000002f8  RWIX
  RAMLS5                0000a800   00000800  000004ff  00000301  RWIX
  RAMD1                 0000b800   00000800  00000000  00000800  RWIX
  RAMGS0                0000c000   00001000  00000000  00001000  RWIX
  RAMGS1                0000d000   00001000  00000000  00001000  RWIX
  RAMGS2                0000e000   00001000  00000000  00001000  RWIX
  RAMGS3                0000f000   00001000  00000000  00001000  RWIX
  RAMGS4                00010000   00001000  00000000  00001000  RWIX
  RAMGS5                00011000   00001000  00000000  00001000  RWIX
  RAMGS6                00012000   00001000  00000000  00001000  RWIX
  RAMGS7                00013000   00001000  00000000  00001000  RWIX
  RAMGS8                00014000   00001000  00000000  00001000  RWIX
  RAMGS9                00015000   00001000  00000000  00001000  RWIX
  RAMGS10               00016000   00001000  00000000  00001000  RWIX
  RAMGS11               00017000   00001000  00000000  00001000  RWIX
  RAMGS12               00018000   00001000  00000000  00001000  RWIX
  RAMGS13               00019000   00001000  00000000  00001000  RWIX
  RAMGS14               0001a000   00001000  00000000  00001000  RWIX
  RAMGS15               0001b000   00000ff8  00000000  00000ff8  RWIX
  CPU2TOCPU1RAM         0003f800   00000400  00000000  00000400  RWIX
  CPU1TOCPU2RAM         0003fc00   00000400  00000000  00000400  RWIX
  CANA_MSG_RAM          00049000   00000800  00000000  00000800  RWIX
  CANB_MSG_RAM          0004b000   00000800  00000000  00000800  RWIX


SECTION ALLOCATION MAP

 output                                  attributes/
section   page    origin      length       input sections
--------  ----  ----------  ----------   ----------------
codestart 
*          0    00000000    00000002     
                  00000000    00000002     F2837xD_CodeStartBranch.obj (codestart)

.cinit     0    00000128    00000020     
                  00000128    0000000d     (.cinit..data.load) [load image, compression = lzss]
                  00000135    00000001     --HOLE-- [fill = 0]
                  00000136    00000006     (__TI_handler_table)
                  0000013c    00000004     (.cinit..bss.load) [load image, compression = zero_init]
                  00000140    00000008     (__TI_cinit_table)

.reset     0    003fffc0    00000000     DSECT

.stack     1    00000400    00000100     UNINITIALIZED
                  00000400    00000100     --HOLE--

.bss       1    0000acca    00000036     UNINITIALIZED
                  0000acca    00000008     MAIN.obj (.bss:rxMsgData1)
                  0000acd2    00000008     MAIN.obj (.bss:rxMsgData2)
                  0000acda    00000008     MAIN.obj (.bss:rxMsgData3)
                  0000ace2    00000008     MAIN.obj (.bss:rxMsgData4)
                  0000acea    00000008     MAIN.obj (.bss:rxMsgData5)
                  0000acf2    00000008     MAIN.obj (.bss:txMsgData1)
                  0000acfa    00000006     MAIN.obj (.bss)

.init_array 
*          0    00000123    00000000     UNINITIALIZED

.const     1    0000a800    00000479     
                  0000a800    0000010c     MAIN.obj (.const:$P$T0$1)
                  0000a90c    000000c2     driverlib_eabi.lib : sysctl.obj (.const:.string)
                  0000a9ce    000000be     MAIN.obj (.const:.string)
                  0000aa8c    000000bc     driverlib_eabi.lib : gpio.obj (.const:.string)
                  0000ab48    000000bb                        : can.obj (.const:.string)
                  0000ac03    00000001     --HOLE-- [fill = 0]
                  0000ac04    00000062                        : cputimer.obj (.const:.string)
                  0000ac66    00000013     device.obj (.const:.string)

.data      1    0000ac7a    00000050     UNINITIALIZED
                  0000ac7a    00000006     device.obj (.data)
                  0000ac80    00000030     MAIN.obj (.data)
                  0000acb0    00000008     MAIN.obj (.data:txMsgData3)
                  0000acb8    00000008     MAIN.obj (.data:txMsgData4)
                  0000acc0    00000006     rts2800_fpu32_eabi.lib : exit.c.obj (.data)
                  0000acc6    00000002                            : _lock.c.obj (.data:_lock)
                  0000acc8    00000002                            : _lock.c.obj (.data:_unlock)

.TI.ramfunc 
*          0    00000123    00000004     
                  00000123    00000004     driverlib_eabi.lib : sysctl.obj (.TI.ramfunc)

GETBUFFER 
*          0    0003f800    00000000     DSECT

GETWRITEIDX 
*          0    0003f800    00000000     DSECT

PUTREADIDX 
*          0    0003f800    00000000     DSECT

.text.1    0    00008000    00000800     
                  00008000    000003fa     device.obj (.text)
                  000083fa    00000127     DECODE_ROUTINES.obj (.text)
                  00008521    00000122     MAIN.obj (.text:retain)
                  00008643    0000008a     driverlib_eabi.lib : sysctl.obj (.text:SysCtl_selectXTAL)
                  000086cd    00000088     rts2800_fpu32_eabi.lib : fs_div28.asm.obj (.text)
                  00008755    00000072     driverlib_eabi.lib : can.obj (.text:CAN_sendMessage)
                  000087c7    00000037                        : gpio.obj (.text:GPIO_setControllerCore)
                  000087fe    00000002                        : interrupt.obj (.text:Interrupt_illegalOperationHandler)

.text.2    0    00008800    0000069a     
                  00008800    00000068     driverlib_eabi.lib : sysctl.obj (.text:SysCtl_getDeviceParametric)
                  00008868    00000066                        : can.obj (.text:CAN_readMessage)
                  000088ce    00000064                        : can.obj (.text:CAN_setBitTiming)
                  00008932    00000061                        : can.obj (.text:CAN_setBitRate)
                  00008993    00000052                        : gpio.obj (.text:GPIO_setPadConfig)
                  000089e5    00000051                        : sysctl.obj (.text:SysCtl_getClock)
                  00008a36    00000048                        : sysctl.obj (.text:SysCtl_selectOscSource)
                  00008a7e    00000046                        : can.obj (.text:CAN_clearInterruptStatus)
                  00008ac4    0000003d                        : interrupt.obj (.text:Interrupt_initModule)
                  00008b01    00000037                        : gpio.obj (.text:GPIO_setPinConfig)
                  00008b38    00000037                        : gpio.obj (.text:GPIO_setQualificationMode)
                  00008b6f    00000037                        : interrupt.obj (.text:Interrupt_enable)
                  00008ba6    00000031                        : gpio.obj (.text:GPIO_setDirectionMode)
                  00008bd7    0000002b     rts2800_fpu32_eabi.lib : autoinit.c.obj (.text:__TI_auto_init_nobinit_nopinit)
                  00008c02    00000029                            : exit.c.obj (.text)
                  00008c2b    00000022     driverlib_eabi.lib : can.obj (.text:CAN_writeDataReg)
                  00008c4d    00000021                        : sysctl.obj (.text:CPUTimer_selectClockSource)
                  00008c6e    0000001f                        : sysctl.obj (.text:CPUTimer_getTimerOverflowStatus)
                  00008c8d    0000001e                        : interrupt.obj (.text:Interrupt_initVectorTable)
                  00008cab    0000001d     rts2800_fpu32_eabi.lib : memcpy.c.obj (.text)
                  00008cc8    0000001c     driverlib_eabi.lib : can.obj (.text:CAN_initModule)
                  00008ce4    0000001b                        : can.obj (.text:CAN_readDataReg)
                  00008cff    0000001a                        : can.obj (.text:CAN_initRAM)
                  00008d19    0000001a                        : sysctl.obj (.text:CPUTimer_startTimer)
                  00008d33    0000001a                        : sysctl.obj (.text:SysCtl_getLowSpeedClock)
                  00008d4d    00000017                        : cputimer.obj (.text:CPUTimer_isBaseValid)
                  00008d64    00000017                        : sysctl.obj (.text:CPUTimer_isBaseValid)
                  00008d7b    00000017     rts2800_fpu32_eabi.lib : boot28.asm.obj (.text)
                  00008d92    00000015     driverlib_eabi.lib : can.obj (.text:CAN_isBaseValid)
                  00008da7    00000014                        : sysctl.obj (.text:CPUTimer_stopTimer)
                  00008dbb    00000013                        : cputimer.obj (.text:CPUTimer_setEmulationMode)
                  00008dce    00000012                        : sysctl.obj (.text:CPUTimer_clearOverflowFlag)
                  00008de0    00000012                        : sysctl.obj (.text:CPUTimer_disableInterrupt)
                  00008df2    00000011                        : sysctl.obj (.text:CPUTimer_setPeriod)
                  00008e03    0000000f                        : sysctl.obj (.text:SysCtl_pollCpuTimer)
                  00008e12    0000000e                        : gpio.obj (.text:GPIO_isPinValid)
                  00008e20    0000000e                        : interrupt.obj (.text:Interrupt_defaultHandler)
                  00008e2e    0000000d                        : interrupt.obj (.text:Interrupt_disableGlobal)
                  00008e3b    0000000d                        : interrupt.obj (.text:Interrupt_enableGlobal)
                  00008e48    0000000d     rts2800_fpu32_eabi.lib : copy_zero_init.c.obj (.text:decompress:ZI:__TI_zero_init_nomemset)
                  00008e55    0000000c                            : args_main.c.obj (.text)
                  00008e61    0000000b     driverlib_eabi.lib : sysctl.obj (.text:SysCtl_isMCDClockFailureDetected)
                  00008e6c    00000009                        : sysctl.obj (.text:SysCtl_serviceWatchdog)
                  00008e75    00000009     rts2800_fpu32_eabi.lib : _lock.c.obj (.text)
                  00008e7e    00000008     F2837xD_CodeStartBranch.obj (.text)
                  00008e86    00000008     rts2800_fpu32_eabi.lib : copy_decompress_none.c.obj (.text:decompress:none)
                  00008e8e    00000007     driverlib_eabi.lib : sysctl.obj (.text:SysCtl_resetMCD)
                  00008e95    00000002                        : interrupt.obj (.text:Interrupt_nmiHandler)
                  00008e97    00000002     rts2800_fpu32_eabi.lib : pre_init.c.obj (.text)
                  00008e99    00000001                            : startup.c.obj (.text)

.text.3    0    0000b000    00000800     
                  0000b000    000004ef     MAIN.obj (.text)
                  0000b4ef    00000206     driverlib_eabi.lib : sysctl.obj (.text:SysCtl_setClock)
                  0000b6f5    000000db                        : can.obj (.text:CAN_setupMessageObject)
                  0000b7d0    00000030     rts2800_fpu32_eabi.lib : copy_decompress_lzss.c.obj (.text:decompress:lzss)

MODULE SUMMARY

       Module                        code   ro data   rw data
       ------                        ----   -------   -------
    .\
       MAIN.obj                      1553   458       118    
       DECODE_ROUTINES.obj           295    0         0      
    +--+-----------------------------+------+---------+---------+
       Total:                        1848   458       118    
                                                             
    .\device\
       device.obj                    1018   19        6      
       F2837xD_CodeStartBranch.obj   10     0         0      
    +--+-----------------------------+------+---------+---------+
       Total:                        1028   19        6      
                                                             
    C:\ti\C2000Ware_5_00_00_00\driverlib\f2837xd\driverlib\ccs\Debug\driverlib_eabi.lib
       sysctl.obj                    1171   194       0      
       can.obj                       838    187       0      
       gpio.obj                      310    188       0      
       interrupt.obj                 190    0         0      
       cputimer.obj                  42     98        0      
    +--+-----------------------------+------+---------+---------+
       Total:                        2551   667       0      
                                                             
    C:\ti\ccs1250\ccs\tools\compiler\ti-cgt-c2000_22.6.1.LTS\lib\rts2800_fpu32_eabi.lib
       fs_div28.asm.obj              136    0         0      
       copy_decompress_lzss.c.obj    48     0         0      
       exit.c.obj                    41     0         6      
       autoinit.c.obj                43     0         0      
       memcpy.c.obj                  29     0         0      
       boot28.asm.obj                23     0         0      
       _lock.c.obj                   9      0         4      
       copy_zero_init.c.obj          13     0         0      
       args_main.c.obj               12     0         0      
       copy_decompress_none.c.obj    8      0         0      
       pre_init.c.obj                2      0         0      
       startup.c.obj                 1      0         0      
    +--+-----------------------------+------+---------+---------+
       Total:                        365    0         10     
                                                             
       Stack:                        0      0         256    
       Linker Generated:             0      31        0      
    +--+-----------------------------+------+---------+---------+
       Grand Total:                  5792   1175      390    


LINKER GENERATED COPY TABLES

__TI_cinit_table @ 00000140 records: 2, size/record: 4, table size: 8
	.data: load addr=00000128, load size=0000000d bytes, run addr=0000ac7a, run size=00000050 bytes, compression=lzss
	.bss: load addr=0000013c, load size=00000004 bytes, run addr=0000acca, run size=00000036 bytes, compression=zero_init


LINKER GENERATED HANDLER TABLE

__TI_handler_table @ 00000136 records: 3, size/record: 2, table size: 6
	index: 0, handler: __TI_zero_init
	index: 1, handler: __TI_decompress_lzss
	index: 2, handler: __TI_decompress_none


GLOBAL DATA SYMBOLS: SORTED BY DATA PAGE

address     data page           name
--------    ----------------    ----
00000400      10 (00000400)     __stack

0000ac7a     2b1 (0000ac40)     Example_Result
0000ac7c     2b1 (0000ac40)     Example_PassCount
0000ac7e     2b1 (0000ac40)     Example_Fail

0000ac80     2b2 (0000ac80)     throttle
0000ac81     2b2 (0000ac80)     brake
0000ac82     2b2 (0000ac80)     DriveEnable
0000ac83     2b2 (0000ac80)     DigData
0000ac84     2b2 (0000ac80)     RX_reg
0000ac85     2b2 (0000ac80)     FaultCode
0000ac86     2b2 (0000ac80)     DE
0000ac88     2b2 (0000ac80)     errorFlag
0000ac8a     2b2 (0000ac80)     cnt
0000ac8c     2b2 (0000ac80)     ERPM_rear
0000ac8e     2b2 (0000ac80)     cont_w
0000ac90     2b2 (0000ac80)     DutyCycle
0000ac92     2b2 (0000ac80)     DCVoltage
0000ac94     2b2 (0000ac80)     DCCurrent
0000ac96     2b2 (0000ac80)     ACCurrent
0000ac98     2b2 (0000ac80)     RPM_rear
0000ac9a     2b2 (0000ac80)     MotTemp
0000ac9c     2b2 (0000ac80)     CtrlTemp
0000ac9e     2b2 (0000ac80)     dCurrent
0000aca0     2b2 (0000ac80)     qCurrent
0000aca2     2b2 (0000ac80)     estTorque
0000aca4     2b2 (0000ac80)     AclTorque
0000aca6     2b2 (0000ac80)     BrkTorque
0000aca8     2b2 (0000ac80)     BrkRmsCur
0000acaa     2b2 (0000ac80)     AclRmsCur
0000acac     2b2 (0000ac80)     CANintCont
0000acae     2b2 (0000ac80)     ERPM_rear_c
0000acb0     2b2 (0000ac80)     txMsgData3
0000acb8     2b2 (0000ac80)     txMsgData4

0000acc0     2b3 (0000acc0)     __TI_enable_exit_profile_output
0000acc2     2b3 (0000acc0)     __TI_cleanup_ptr
0000acc4     2b3 (0000acc0)     __TI_dtors_ptr
0000acc6     2b3 (0000acc0)     _lock
0000acc8     2b3 (0000acc0)     _unlock
0000acca     2b3 (0000acc0)     rxMsgData1
0000acd2     2b3 (0000acc0)     rxMsgData2
0000acda     2b3 (0000acc0)     rxMsgData3
0000ace2     2b3 (0000acc0)     rxMsgData4
0000acea     2b3 (0000acc0)     rxMsgData5
0000acf2     2b3 (0000acc0)     txMsgData1
0000acfa     2b3 (0000acc0)     cpuTimer0IntCount
0000acfc     2b3 (0000acc0)     status1
0000acfe     2b3 (0000acc0)     status2


GLOBAL SYMBOLS: SORTED ALPHABETICALLY BY Name 

page  address   name                                     
----  -------   ----                                     
1     0000ac96  ACCurrent                                
1     0000acaa  AclRmsCur                                
1     0000aca4  AclTorque                                
1     0000aca8  BrkRmsCur                                
1     0000aca6  BrkTorque                                
0     00008c02  C$$EXIT                                  
0     00008a7e  CAN_clearInterruptStatus                 
0     00008cc8  CAN_initModule                           
0     00008868  CAN_readMessage                          
0     00008755  CAN_sendMessage                          
0     00008932  CAN_setBitRate                           
0     000088ce  CAN_setBitTiming                         
0     0000b6f5  CAN_setupMessageObject                   
1     0000acac  CANintCont                               
0     00008dbb  CPUTimer_setEmulationMode                
1     0000ac9c  CtrlTemp                                 
1     0000ac94  DCCurrent                                
1     0000ac92  DCVoltage                                
1     0000ac86  DE                                       
0     0000826e  Device_bootCPU2                          
0     0000823d  Device_configureTMXAnalogTrim            
0     000080eb  Device_enableAllPeripherals              
0     00008227  Device_enableUnbondedGPIOPullups         
0     0000820a  Device_enableUnbondedGPIOPullupsFor100Pin
0     000081f7  Device_enableUnbondedGPIOPullupsFor176Pin
0     000080ab  Device_init                              
0     000081d6  Device_initGPIO                          
1     0000ac83  DigData                                  
1     0000ac82  DriveEnable                              
1     0000ac90  DutyCycle                                
1     0000ac8c  ERPM_rear                                
1     0000acae  ERPM_rear_c                              
1     0000ac7e  Example_Fail                             
1     0000ac7c  Example_PassCount                        
1     0000ac7a  Example_Result                           
0     000083f9  Example_done                             
0     000083f4  Example_setResultFail                    
0     000083ef  Example_setResultPass                    
1     0000ac85  FaultCode                                
0     000087c7  GPIO_setControllerCore                   
0     00008ba6  GPIO_setDirectionMode                    
0     00008993  GPIO_setPadConfig                        
0     00008b01  GPIO_setPinConfig                        
0     00008b38  GPIO_setQualificationMode                
0     00008b6f  Interrupt_enable                         
0     00008ac4  Interrupt_initModule                     
0     00008c8d  Interrupt_initVectorTable                
1     0000ac9a  MotTemp                                  
1     0000ac98  RPM_rear                                 
1     0000ac84  RX_reg                                   
0     00008502  SetupMsgPhaseCurrent                     
0     00000123  SysCtl_delay                             
0     000089e5  SysCtl_getClock                          
0     00008800  SysCtl_getDeviceParametric               
0     00008d33  SysCtl_getLowSpeedClock                  
0     00008a36  SysCtl_selectOscSource                   
0     00008643  SysCtl_selectXTAL                        
0     0000b4ef  SysCtl_setClock                          
0     00000140  __TI_CINIT_Base                          
0     00000148  __TI_CINIT_Limit                         
0     00000148  __TI_CINIT_Warm                          
0     00000136  __TI_Handler_Table_Base                  
0     0000013c  __TI_Handler_Table_Limit                 
1     00000500  __TI_STACK_END                           
abs   00000100  __TI_STACK_SIZE                          
0     00008bd7  __TI_auto_init_nobinit_nopinit           
1     0000acc2  __TI_cleanup_ptr                         
0     0000b7d0  __TI_decompress_lzss                     
0     00008e86  __TI_decompress_none                     
1     0000acc4  __TI_dtors_ptr                           
1     0000acc0  __TI_enable_exit_profile_output          
abs   ffffffff  __TI_pprof_out_hndl                      
abs   ffffffff  __TI_prof_data_size                      
abs   ffffffff  __TI_prof_data_start                     
0     00008e48  __TI_zero_init_nomemset                  
0     000086cd  __c28xabi_divf                           
n/a   UNDEFED   __c_args__                               
0     000083e8  __error__                                
1     00000400  __stack                                  
0     00008e55  _args_main                               
0     00008d7b  _c_int00                                 
1     0000acc6  _lock                                    
0     00008e7d  _nop                                     
0     00008e79  _register_lock                           
0     00008e75  _register_unlock                         
0     00008e99  _system_post_cinit                       
0     00008e97  _system_pre_init                         
1     0000acc8  _unlock                                  
0     00008c02  abort                                    
1     0000ac81  brake                                    
0     00008521  canbISR                                  
1     0000ac8a  cnt                                      
0     00000000  code_start                               
0     0000b4ba  configCPUTimer                           
1     0000ac8e  cont_w                                   
0     0000860f  cpuTimer0ISR                             
1     0000acfa  cpuTimer0IntCount                        
1     0000ac9e  dCurrent                                 
0     0000847b  decodeCanMessageToACCurrent              
0     0000845e  decodeCanMessageToDCCurrent              
0     00008444  decodeCanMessageToDCVoltage              
0     000084b5  decodeCanMessageToDQCurr                 
0     00008427  decodeCanMessageToDuty                   
0     000083fa  decodeCanMessageToErpm                   
0     00008498  decodeCanMessageToTEMP                   
1     0000ac88  errorFlag                                
1     0000aca2  estTorque                                
0     00008c04  exit                                     
0     0000b4a0  initCPUTimer                             
0     0000b46f  initEQEP                                 
0     0000b22d  main                                     
0     00008cab  memcpy                                   
1     0000aca0  qCurrent                                 
1     0000acca  rxMsgData1                               
1     0000acd2  rxMsgData2                               
1     0000acda  rxMsgData3                               
1     0000ace2  rxMsgData4                               
1     0000acea  rxMsgData5                               
1     0000acfc  status1                                  
1     0000acfe  status2                                  
1     0000ac80  throttle                                 
1     0000acf2  txMsgData1                               
1     0000acb0  txMsgData3                               
1     0000acb8  txMsgData4                               


GLOBAL SYMBOLS: SORTED BY Symbol Address 

page  address   name                                     
----  -------   ----                                     
0     00000000  code_start                               
0     00000123  SysCtl_delay                             
0     00000136  __TI_Handler_Table_Base                  
0     0000013c  __TI_Handler_Table_Limit                 
0     00000140  __TI_CINIT_Base                          
0     00000148  __TI_CINIT_Limit                         
0     00000148  __TI_CINIT_Warm                          
0     000080ab  Device_init                              
0     000080eb  Device_enableAllPeripherals              
0     000081d6  Device_initGPIO                          
0     000081f7  Device_enableUnbondedGPIOPullupsFor176Pin
0     0000820a  Device_enableUnbondedGPIOPullupsFor100Pin
0     00008227  Device_enableUnbondedGPIOPullups         
0     0000823d  Device_configureTMXAnalogTrim            
0     0000826e  Device_bootCPU2                          
0     000083e8  __error__                                
0     000083ef  Example_setResultPass                    
0     000083f4  Example_setResultFail                    
0     000083f9  Example_done                             
0     000083fa  decodeCanMessageToErpm                   
0     00008427  decodeCanMessageToDuty                   
0     00008444  decodeCanMessageToDCVoltage              
0     0000845e  decodeCanMessageToDCCurrent              
0     0000847b  decodeCanMessageToACCurrent              
0     00008498  decodeCanMessageToTEMP                   
0     000084b5  decodeCanMessageToDQCurr                 
0     00008502  SetupMsgPhaseCurrent                     
0     00008521  canbISR                                  
0     0000860f  cpuTimer0ISR                             
0     00008643  SysCtl_selectXTAL                        
0     000086cd  __c28xabi_divf                           
0     00008755  CAN_sendMessage                          
0     000087c7  GPIO_setControllerCore                   
0     00008800  SysCtl_getDeviceParametric               
0     00008868  CAN_readMessage                          
0     000088ce  CAN_setBitTiming                         
0     00008932  CAN_setBitRate                           
0     00008993  GPIO_setPadConfig                        
0     000089e5  SysCtl_getClock                          
0     00008a36  SysCtl_selectOscSource                   
0     00008a7e  CAN_clearInterruptStatus                 
0     00008ac4  Interrupt_initModule                     
0     00008b01  GPIO_setPinConfig                        
0     00008b38  GPIO_setQualificationMode                
0     00008b6f  Interrupt_enable                         
0     00008ba6  GPIO_setDirectionMode                    
0     00008bd7  __TI_auto_init_nobinit_nopinit           
0     00008c02  C$$EXIT                                  
0     00008c02  abort                                    
0     00008c04  exit                                     
0     00008c8d  Interrupt_initVectorTable                
0     00008cab  memcpy                                   
0     00008cc8  CAN_initModule                           
0     00008d33  SysCtl_getLowSpeedClock                  
0     00008d7b  _c_int00                                 
0     00008dbb  CPUTimer_setEmulationMode                
0     00008e48  __TI_zero_init_nomemset                  
0     00008e55  _args_main                               
0     00008e75  _register_unlock                         
0     00008e79  _register_lock                           
0     00008e7d  _nop                                     
0     00008e86  __TI_decompress_none                     
0     00008e97  _system_pre_init                         
0     00008e99  _system_post_cinit                       
0     0000b22d  main                                     
0     0000b46f  initEQEP                                 
0     0000b4a0  initCPUTimer                             
0     0000b4ba  configCPUTimer                           
0     0000b4ef  SysCtl_setClock                          
0     0000b6f5  CAN_setupMessageObject                   
0     0000b7d0  __TI_decompress_lzss                     
1     00000400  __stack                                  
1     00000500  __TI_STACK_END                           
1     0000ac7a  Example_Result                           
1     0000ac7c  Example_PassCount                        
1     0000ac7e  Example_Fail                             
1     0000ac80  throttle                                 
1     0000ac81  brake                                    
1     0000ac82  DriveEnable                              
1     0000ac83  DigData                                  
1     0000ac84  RX_reg                                   
1     0000ac85  FaultCode                                
1     0000ac86  DE                                       
1     0000ac88  errorFlag                                
1     0000ac8a  cnt                                      
1     0000ac8c  ERPM_rear                                
1     0000ac8e  cont_w                                   
1     0000ac90  DutyCycle                                
1     0000ac92  DCVoltage                                
1     0000ac94  DCCurrent                                
1     0000ac96  ACCurrent                                
1     0000ac98  RPM_rear                                 
1     0000ac9a  MotTemp                                  
1     0000ac9c  CtrlTemp                                 
1     0000ac9e  dCurrent                                 
1     0000aca0  qCurrent                                 
1     0000aca2  estTorque                                
1     0000aca4  AclTorque                                
1     0000aca6  BrkTorque                                
1     0000aca8  BrkRmsCur                                
1     0000acaa  AclRmsCur                                
1     0000acac  CANintCont                               
1     0000acae  ERPM_rear_c                              
1     0000acb0  txMsgData3                               
1     0000acb8  txMsgData4                               
1     0000acc0  __TI_enable_exit_profile_output          
1     0000acc2  __TI_cleanup_ptr                         
1     0000acc4  __TI_dtors_ptr                           
1     0000acc6  _lock                                    
1     0000acc8  _unlock                                  
1     0000acca  rxMsgData1                               
1     0000acd2  rxMsgData2                               
1     0000acda  rxMsgData3                               
1     0000ace2  rxMsgData4                               
1     0000acea  rxMsgData5                               
1     0000acf2  txMsgData1                               
1     0000acfa  cpuTimer0IntCount                        
1     0000acfc  status1                                  
1     0000acfe  status2                                  
abs   00000100  __TI_STACK_SIZE                          
abs   ffffffff  __TI_pprof_out_hndl                      
abs   ffffffff  __TI_prof_data_size                      
abs   ffffffff  __TI_prof_data_start                     
n/a   UNDEFED   __c_args__                               

[124 symbols]
